
                                                                    ▒                         
                                           ██                      ▒█▒▒▒▒                     
                             ░          ░  ██                     ▒█▒▒▒                       
                            ▒█████     ░    ███                  ▒█▒▒▒                        
                           ██░░░░▒█   ░██   ███                ▒▒█▒▒▒                         
                         ░██    ░░█  ░██  ██ ██       █       ▒██▒▒                           
                         ░██         ░█ ███  █▒█░   ░██       █▒░▒▒                           
                         ░██        ░░███▌   █▒▒█   ██ ▒█   ▒██░ ██ ▒                         
                         ░▓████ ██▌ ▒██     ██ ▒█  ▒█  █   ▒ █░ █▒█▒▒▒▒                       
                           ░░███▓░░ ███   ▒▒█ ▒██░▒██ ▒█   ██░ ████▒▒ ▒                       
                            ░░░░░  ██    ▒▒████░ ███░ ▒█  ██▒▒█████▒ ▒  
                                   ██  █▒███░  ██░██░  █ ██▒▒█████▒▒
                                   ▒████▒██   █████▒░░░███░▒██▒███▒▒
                                   ▒▒▒ ██    ██░░░██▒  ██▒▒███████▒▒
                                           ▒██░░  █ ▒▒  █▒███▒▒▒▒▒▒▒
                                           █ ░░   █ ▒  █▒▒██▒▒████▒▒
                                            ░         ██▒███████▒▒▒
                                           ░           ▒▒████▒▒▒▒▒▒
                                          ░            ▒▒▒▒▒█▒ ▒  ▒
                                                         ▒▒       ▒

                       ASCii ART iS WAY TOO HARD.                                             





